AR counter behav "G:/School sem2/LabMMPDS/firblokfluit/sound_stuff/Counter.vhd" sub00/vhpl03 1274280832
PB pkg_dc97 pkg_dc97 "G:/School sem2/LabMMPDS/firblokfluit/sound_stuff/dc97.vhd" sub00/vhpl13 1274280816
PH pkg_dc97 NULL "G:/School sem2/LabMMPDS/firblokfluit/sound_stuff/dc97.vhd" sub00/vhpl12 1274280815
EN dc97cmd NULL "G:/School sem2/LabMMPDS/firblokfluit/sound_stuff/dc97.vhd" sub00/vhpl16 1274280819
EN dc97 NULL "G:/School sem2/LabMMPDS/firblokfluit/sound_stuff/dc97.vhd" sub00/vhpl14 1274280817
AR filter rtl "G:/School sem2/LabMMPDS/firblokfluit/sound_stuff/filter.vhd" sub00/vhpl01 1274280822
AR timer behav "G:/School sem2/LabMMPDS/firblokfluit/sound_stuff/Timer.vhd" sub00/vhpl08 1274280828
EN freqcalc NULL "G:/School sem2/LabMMPDS/firblokfluit/sound_stuff/FreqCalc.vhd" sub00/vhpl04 1274280823
AR dc97cmd dc97cmd_arch "G:/School sem2/LabMMPDS/firblokfluit/sound_stuff/dc97.vhd" sub00/vhpl17 1274280820
EN counter NULL "G:/School sem2/LabMMPDS/firblokfluit/sound_stuff/Counter.vhd" sub00/vhpl02 1274280831
EN topschema NULL "G:/School sem2/LabMMPDS/firblokfluit/sound_stuff/topschema.vhf" sub00/vhpl18 1274280833
AR zerocrossingsdetector behav "G:/School sem2/LabMMPDS/firblokfluit/sound_stuff/ZeroCrossingsDetector.vhd" sub00/vhpl10 1274280830
AR freqcalc behav "G:/School sem2/LabMMPDS/firblokfluit/sound_stuff/FreqCalc.vhd" sub00/vhpl05 1274280824
EN zerocrossingsdetector NULL "G:/School sem2/LabMMPDS/firblokfluit/sound_stuff/ZeroCrossingsDetector.vhd" sub00/vhpl09 1274280829
AR leveldetector behav "G:/School sem2/LabMMPDS/firblokfluit/sound_stuff/LevelDetector.vhd" sub00/vhpl11 1274280826
AR dc97 dc97_arch "G:/School sem2/LabMMPDS/firblokfluit/sound_stuff/dc97.vhd" sub00/vhpl15 1274280818
AR topschema behavioral "G:/School sem2/LabMMPDS/firblokfluit/sound_stuff/topschema.vhf" sub00/vhpl19 1274280834
EN filter NULL "G:/School sem2/LabMMPDS/firblokfluit/sound_stuff/filter.vhd" sub00/vhpl00 1274280821
EN leveldetector NULL "G:/School sem2/LabMMPDS/firblokfluit/sound_stuff/LevelDetector.vhd" sub00/vhpl06 1274280825
EN timer NULL "G:/School sem2/LabMMPDS/firblokfluit/sound_stuff/Timer.vhd" sub00/vhpl07 1274280827
